Need to install the following packages:
tsx@4.23.1
Ok to proceed? (y) 